// Jest Snapshot v1, https://goo.gl/fbAQLP

exports[`App is renderable 1`] = `
<div
  className="row"
>
  <div
    className="row"
  >
    <nav
      className="navbar navbar-default"
    >
      <div
        className="container"
      >
        <div
          className="navbar-header"
        >
          <a
            className="navbar-brand"
            href="#"
          >
            GSTV - Full Stack Coding Excercise
          </a>
          <button
            className="navbar-toggle collapsed"
            onClick={[Function]}
            type="button"
          >
            <span
              className="sr-only"
            >
              Toggle navigation
            </span>
            <span
              className="icon-bar"
            />
            <span
              className="icon-bar"
            />
            <span
              className="icon-bar"
            />
          </button>
        </div>
      </div>
    </nav>
  </div>
  <div
    className="row"
  >
    <ul
      className="list-group"
    >
      <li
        className="list-group-item"
      >
        <div
          className="row"
        >
          <div
            className="modal-container panel panel-primary"
            id={undefined}
          >
            <div
              className="panel-body"
            >
              <div
                className="well well-sm"
              >
                <div
                  className="row"
                >
                  <div
                    className="col-lg-3 col-md-3 col-sm-3"
                  >
                    Bob's Fuel
                  </div>
                  <div
                    className="col-lg-3 col-md-3 col-sm-3"
                  >
                    743 E Campbell RD, Richardson TX
                  </div>
                  <div
                    className="col-lg-3 col-md-3 col-sm-3"
                  >
                    <button
                      className="btn btn-info"
                      disabled={false}
                      onClick={[Function]}
                      type="button"
                    >
                      Show Flags
                    </button>
                  </div>
                  <div
                    className="col-lg-3 col-md-3 col-sm-3"
                  >
                    <button
                      className="btn btn-info"
                      disabled={false}
                      onClick={[Function]}
                      type="button"
                    >
                      Add Flag
                    </button>
                  </div>
                </div>
              </div>
            </div>
          </div>
        </div>
      </li>
      <li
        className="list-group-item"
      >
        <div
          className="row"
        >
          <div
            className="modal-container panel panel-primary"
            id={undefined}
          >
            <div
              className="panel-body"
            >
              <div
                className="well well-sm"
              >
                <div
                  className="row"
                >
                  <div
                    className="col-lg-3 col-md-3 col-sm-3"
                  >
                    Shell #367
                  </div>
                  <div
                    className="col-lg-3 col-md-3 col-sm-3"
                  >
                    220 Leigh Farm RD, Durham NC
                  </div>
                  <div
                    className="col-lg-3 col-md-3 col-sm-3"
                  >
                    <button
                      className="btn btn-info"
                      disabled={false}
                      onClick={[Function]}
                      type="button"
                    >
                      Show Flags
                    </button>
                  </div>
                  <div
                    className="col-lg-3 col-md-3 col-sm-3"
                  >
                    <button
                      className="btn btn-info"
                      disabled={false}
                      onClick={[Function]}
                      type="button"
                    >
                      Add Flag
                    </button>
                  </div>
                </div>
              </div>
            </div>
          </div>
        </div>
      </li>
      <li
        className="list-group-item"
      >
        <div
          className="row"
        >
          <div
            className="modal-container panel panel-primary"
            id={undefined}
          >
            <div
              className="panel-body"
            >
              <div
                className="well well-sm"
              >
                <div
                  className="row"
                >
                  <div
                    className="col-lg-3 col-md-3 col-sm-3"
                  >
                    Family Fair
                  </div>
                  <div
                    className="col-lg-3 col-md-3 col-sm-3"
                  >
                    967 Chapel Hill RD, Morrisville NC
                  </div>
                  <div
                    className="col-lg-3 col-md-3 col-sm-3"
                  >
                    <span
                      className="label label-warning"
                    >
                      There are no site flags.
                    </span>
                  </div>
                  <div
                    className="col-lg-3 col-md-3 col-sm-3"
                  >
                    <button
                      className="btn btn-info"
                      disabled={false}
                      onClick={[Function]}
                      type="button"
                    >
                      Add Flag
                    </button>
                  </div>
                </div>
              </div>
            </div>
          </div>
        </div>
      </li>
    </ul>
  </div>
</div>
`;
